// Jest Snapshot v1, https://goo.gl/fbAQLP

exports[`renders correctly 1`] = `
<View>
  <View
    style={
      Object {
        "borderLeftColor": "#327EC2",
        "borderLeftWidth": 8,
        "flex": 1,
        "flexDirection": "row",
        "height": "15%",
      }
    }
  >
    <View
      style={
        Object {
          "flex": 1,
          "flexDirection": "column",
          "height": "100%",
          "marginTop": "2%",
        }
      }
    >
      <Text
        accessible={true}
        allowFontScaling={true}
        ellipsizeMode="tail"
        style={
          Object {
            "color": "#506f9b",
            "flex": 1,
            "fontSize": 18,
            "fontWeight": "bold",
            "marginLeft": "10%",
            "marginTop": "3%",
          }
        }
      />
      <Text
        accessible={true}
        allowFontScaling={true}
        ellipsizeMode="tail"
        style={
          Object {
            "color": "#3F5F8E",
            "flex": 1,
            "fontSize": 12,
            "marginBottom": "15%",
            "marginLeft": "10%",
          }
        }
      />
    </View>
    <Text
      accessible={true}
      allowFontScaling={true}
      ellipsizeMode="tail"
      style={
        Object {
          "color": "#3F5F8E",
          "flex": 1,
          "fontSize": 15,
          "marginRight": "10%",
          "marginTop": "11%",
          "textAlign": "right",
        }
      }
    >
      09 July 2018
    </Text>
  </View>
</View>
`;

exports[`renders the Text component 1`] = `
<Text
  accessible={true}
  allowFontScaling={true}
  ellipsizeMode="tail"
/>
`;
